// Jest Snapshot v1, https://goo.gl/fbAQLP

exports[`watch discover components and pass as componentOptions 1`] = `
Object {
  "components": Array [
    Object {
      "name": "A.js",
      "path": "~//project/nuxt/a.js",
    },
    Object {
      "name": "B",
      "path": "~//project/nuxt/b.global.js",
    },
    Object {
      "name": "C",
      "path": "~//project/nuxt/c.global.js",
    },
  ],
  "ignoreNameDetection": false,
}
`;
